============================= test session starts =============================
platform win32 -- Python 3.13.9, pytest-8.3.4, pluggy-1.5.0 -- D:\DT\anaconda\python.exe
cachedir: .pytest_cache
hypothesis profile 'default'
rootdir: D:\Desktop\AI-Based-Quality-Check-On-Project-Code-And-Architecture\backend
configfile: pytest.ini
plugins: anyio-4.10.0, hypothesis-6.150.2, langsmith-0.6.4, asyncio-0.24.0, cov-6.0.0
asyncio: mode=Mode.STRICT, default_loop_scope=None
collecting ... collected 4 items

backend\tests\test_architecture_analysis.py::TestArchitectureAnalysisAPI::test_analyze_endpoint_streaming PASSED
backend\tests\test_architecture_analysis.py::TestArchitectureAnalysisAPI::test_pull_request_analyze_endpoint DEBUG PR Analyze Response: {'detail': [{'type': 'missing', 'loc': ['query', 'current_user'], 'msg': 'Field required', 'input': None}]}
FAILED
backend\tests\test_architecture_analysis.py::TestArchitectureAnalysisAPI::test_task_status_endpoint PASSED
backend\tests\test_architecture_analysis.py::TestASTParsingIntegration::test_ast_parser_creates_correct_nodes PASSED

================================== FAILURES ===================================
_______ TestArchitectureAnalysisAPI.test_pull_request_analyze_endpoint ________

self = <test_architecture_analysis.TestArchitectureAnalysisAPI object at 0x0000015F613C7110>
mock_deps = None

    async def test_pull_request_analyze_endpoint(self, mock_deps):
        """Test the PR analysis endpoint"""
        project_id = "test-project"
        pr_id = "test-pr"
    
        with patch("app.api.v1.endpoints.pull_request.analyze_pull_request_sync") as mock_sync:
            mock_sync.return_value = {"task_id": "test-task", "status": "PENDING"}
            async with AsyncClient(transport=ASGITransport(app=app), base_url="http://test") as ac:
                response = await ac.post(f"/api/v1/analysis/projects/{project_id}/analyze", params={"pr_id": pr_id})
    
        if response.status_code != 200:
            print(f"DEBUG PR Analyze Response: {response.json()}")
    
>       assert response.status_code == 200
E       assert 422 == 200
E        +  where 422 = <Response [422 Unprocessable Entity]>.status_code

backend\tests\test_architecture_analysis.py:87: AssertionError
============================== warnings summary ===============================
..\..\DT\anaconda\Lib\site-packages\pydantic\_internal\_model_construction.py:66
  D:\DT\anaconda\Lib\site-packages\pydantic\_internal\_model_construction.py:66: UserWarning: `validate_celery_config` overrides an existing Pydantic `@model_validator` decorator
    warnings.warn(f'`{k}` overrides an existing Pydantic `{existing.decorator_info.decorator_repr}` decorator')

..\..\DT\anaconda\Lib\site-packages\pydantic\_internal\_config.py:291
..\..\DT\anaconda\Lib\site-packages\pydantic\_internal\_config.py:291
  D:\DT\anaconda\Lib\site-packages\pydantic\_internal\_config.py:291: PydanticDeprecatedSince20: Support for class-based `config` is deprecated, use ConfigDict instead. Deprecated in Pydantic V2.0 to be removed in V3.0. See Pydantic V2 Migration Guide at https://errors.pydantic.dev/2.9/migration/
    warnings.warn(DEPRECATION_MESSAGE, DeprecationWarning)

backend\app\schemas\auth.py:16
  d:\Desktop\AI-Based-Quality-Check-On-Project-Code-And-Architecture\backend\app\schemas\auth.py:16: PydanticDeprecatedSince20: Pydantic V1 style `@validator` validators are deprecated. You should migrate to Pydantic V2 style `@field_validator` validators, see the migration guide for more details. Deprecated in Pydantic V2.0 to be removed in V3.0. See Pydantic V2 Migration Guide at https://errors.pydantic.dev/2.9/migration/
    @validator('password')

backend\app\schemas\auth.py:47
  d:\Desktop\AI-Based-Quality-Check-On-Project-Code-And-Architecture\backend\app\schemas\auth.py:47: PydanticDeprecatedSince20: Pydantic V1 style `@validator` validators are deprecated. You should migrate to Pydantic V2 style `@field_validator` validators, see the migration guide for more details. Deprecated in Pydantic V2.0 to be removed in V3.0. See Pydantic V2 Migration Guide at https://errors.pydantic.dev/2.9/migration/
    @validator('new_password')

..\..\DT\anaconda\Lib\site-packages\pydantic\_internal\_fields.py:132
  D:\DT\anaconda\Lib\site-packages\pydantic\_internal\_fields.py:132: UserWarning: Field "model_type" in GenerateRequest has conflict with protected namespace "model_".
  
  You may be able to resolve this warning by setting `model_config['protected_namespaces'] = ()`.
    warnings.warn(

-- Docs: https://docs.pytest.org/en/stable/how-to/capture-warnings.html
=========================== short test summary info ===========================
FAILED backend\tests\test_architecture_analysis.py::TestArchitectureAnalysisAPI::test_pull_request_analyze_endpoint
=================== 1 failed, 3 passed, 6 warnings in 1.60s ===================
