pytest : D:\DT\anaconda\Lib\site-packages\pytest_asyncio\plugin.py:208: PytestDeprecationWarning: The conf
iguration option "asyncio_default_fixture_loop_scope" is unset.
所在位置 行:1 字符: 1
+ pytest backend/tests/test_auth_endpoints.py backend/tests/test_error_ ...
+ ~~~~~~~~~~~~~~~~~~~~~~~~~~~~~~~~~~~~~~~~~~~~~~~~~~~~~~~~~~~~~~~~~~~~~
    + CategoryInfo          : NotSpecified: (D:\DT\anaconda\...cope" is unset.:String) [], RemoteExceptio 
   n
    + FullyQualifiedErrorId : NativeCommandError
 
The event loop scope for asynchronous fixtures will default to the fixture caching scope. Future versions 
of pytest-asyncio will default the loop scope for asynchronous fixtures to function scope. Set the default
 fixture loop scope explicitly in order to avoid unexpected behavior in the future. Valid fixture loop sco
pes are: "function", "class", "module", "package", "session"

  warnings.warn(PytestDeprecationWarning(_DEFAULT_FIXTURE_LOOP_SCOPE_UNSET))
============================= test session starts =============================
platform win32 -- Python 3.13.9, pytest-8.3.4, pluggy-1.5.0 -- D:\DT\anaconda\python.exe
cachedir: .pytest_cache
hypothesis profile 'default'
rootdir: D:\Desktop\AI-Based-Quality-Check-On-Project-Code-And-Architecture\backend
configfile: pytest.ini
plugins: anyio-4.10.0, hypothesis-6.150.2, langsmith-0.6.4, asyncio-0.24.0, cov-6.0.0
asyncio: mode=Mode.STRICT, default_loop_scope=None
collecting ... collected 139 items / 131 deselected / 8 selected
run-last-failure: rerun previous 8 failures

backend\tests\test_auth_endpoints.py::TestPasswordValidationMessages::test_all_special_characters_recognized FAILED [ 12%]
backend\tests\test_error_reporter.py::TestFormatConfigurationSummary::test_format_configuration_summary_masks_sensitive_keys FAILED [ 25%]
backend\tests\test_config.py::TestSettingsRequiredFields::test_missing_jwt_secret_raises_error FAILED [ 37%]
backend\tests\test_config.py::TestSettingsRequiredFields::test_missing_postgres_password_raises_error FAILED [ 50%]
backend\tests\test_config.py::TestSettingsRequiredFields::test_missing_neo4j_password_raises_error FAILED [ 62%]
backend\tests\test_config.py::TestSettingsOptionalFields::test_optional_celery_broker_url_defaults_to_none_or_empty FAILED [ 75%]
backend\tests\test_config.py::TestSettingsOptionalFields::test_optional_redis_password_defaults_to_empty_string FAILED [ 87%]
backend\tests\test_config.py::TestSettingsCeleryValidation::test_is_celery_enabled_returns_false_when_not_configured FAILED [100%]

================================== FAILURES ===================================
____ TestPasswordValidationMessages.test_all_special_characters_recognized ____

self = <test_auth_endpoints.TestPasswordValidationMessages object at 0x0000016553D1C050>

    def test_all_special_characters_recognized(self):
        """Test that all defined special characters are recognized"""
        special_chars = "!@#$%^&*()_+-=[]{}|;:,.<>?"
    
        for char in special_chars:
            password = f"VALID_PASS_123_{char}"
            # Should not raise ValidationError
>           user_data = UserRegister(
                email="test@example.com",
                password=password
            )
E           pydantic_core._pydantic_core.ValidationError: 1 validation error for UserRegister
E           password
E             Value error, Password must contain at least one lowercase letter [type=value_error, input_value='VALID_PASS_123_!', input_type=str]
E               For further information visit https://errors.pydantic.dev/2.9/v/value_error

backend\tests\test_auth_endpoints.py:202: ValidationError
_ TestFormatConfigurationSummary.test_format_configuration_summary_masks_sensitive_keys _

self = <test_error_reporter.TestFormatConfigurationSummary object at 0x0000016553D6DA90>

    def test_format_configuration_summary_masks_sensitive_keys(self):
        """Test that sensitive keys are masked in summary"""
        config = {
            "APP_NAME": "MyApp",
>           "JWT_SECRET": f"jwt_secret={TEST_SECRET}",
            "POSTGRES_PASSWORD": f"password={TEST_PASSWORD}"
        }
E       NameError: name 'TEST_SECRET' is not defined

backend\tests\test_error_reporter.py:465: NameError
_______ TestSettingsRequiredFields.test_missing_jwt_secret_raises_error _______

self = <test_config.TestSettingsRequiredFields object at 0x0000016553D6F9D0>

    def test_missing_jwt_secret_raises_error(self):
        """Test that missing JWT_SECRET raises ValidationError"""
        with patch.dict(os.environ, {
            "POSTGRES_HOST": "localhost",
            "POSTGRES_DB": "test",
            "POSTGRES_USER": "user",
            "POSTGRES_PASSWORD": TEST_PASSWORD,
            "NEO4J_URI": "bolt://localhost:7687",
            "NEO4J_USER": "neo4j",
            "NEO4J_PASSWORD": TEST_PASSWORD,
            "REDIS_HOST": "localhost",
        }, clear=True):
>           with pytest.raises(ValidationError) as exc_info:
E           Failed: DID NOT RAISE <class 'pydantic_core._pydantic_core.ValidationError'>

backend\tests\test_config.py:43: Failed
___ TestSettingsRequiredFields.test_missing_postgres_password_raises_error ____

self = <test_config.TestSettingsRequiredFields object at 0x0000016553D1F230>

    def test_missing_postgres_password_raises_error(self):
        """Test that missing POSTGRES_PASSWORD raises ValidationError"""
        with patch.dict(os.environ, {
            "JWT_SECRET": "a" * 32,
            "POSTGRES_HOST": "localhost",
            "POSTGRES_DB": "test",
            "POSTGRES_USER": "user",
            "NEO4J_URI": "bolt://localhost:7687",
            "NEO4J_USER": "neo4j",
            "NEO4J_PASSWORD": TEST_PASSWORD,
            "REDIS_HOST": "localhost",
        }, clear=True):
>           with pytest.raises(ValidationError) as exc_info:
E           Failed: DID NOT RAISE <class 'pydantic_core._pydantic_core.ValidationError'>

backend\tests\test_config.py:76: Failed
_____ TestSettingsRequiredFields.test_missing_neo4j_password_raises_error _____

self = <test_config.TestSettingsRequiredFields object at 0x0000016553D9AE70>

    def test_missing_neo4j_password_raises_error(self):
        """Test that missing NEO4J_PASSWORD raises ValidationError"""
        with patch.dict(os.environ, {
            "JWT_SECRET": "a" * 32,
            "POSTGRES_HOST": "localhost",
            "POSTGRES_DB": "test",
            "POSTGRES_USER": "user",
            "POSTGRES_PASSWORD": TEST_PASSWORD,
            "NEO4J_URI": "bolt://localhost:7687",
            "NEO4J_USER": "neo4j",
            "REDIS_HOST": "localhost",
        }, clear=True):
>           with pytest.raises(ValidationError) as exc_info:
E           Failed: DID NOT RAISE <class 'pydantic_core._pydantic_core.ValidationError'>

backend\tests\test_config.py:109: Failed
_ TestSettingsOptionalFields.test_optional_celery_broker_url_defaults_to_none_or_empty _

self = <test_config.TestSettingsOptionalFields object at 0x0000016553D1F360>

    def test_optional_celery_broker_url_defaults_to_none_or_empty(self):
        """Test that CELERY_BROKER_URL defaults to None or empty string when not provided"""
        with patch.dict(os.environ, {
            "JWT_SECRET": "a" * 32,
            "POSTGRES_HOST": "localhost",
            "POSTGRES_DB": "test",
            "POSTGRES_USER": "user",
            "POSTGRES_PASSWORD": TEST_PASSWORD,
            "NEO4J_URI": "bolt://localhost:7687",
            "NEO4J_USER": "neo4j",
            "NEO4J_PASSWORD": TEST_PASSWORD,
            "REDIS_HOST": "localhost",
        }, clear=True):
            settings = Settings()
            # Can be None or empty string
>           assert settings.CELERY_BROKER_URL is None or settings.CELERY_BROKER_URL == ""
E           AssertionError: assert ('redis://:c3d4e5f6g7h8i9j0k1l2m3n4o5p6q7r8@redis:6379/1' is None or 'redis://:c3d...@redis:6379/1' == ''
E            +  where 'redis://:c3d4e5f6g7h8i9j0k1l2m3n4o5p6q7r8@redis:6379/1' = Settings(PROJECT_NAME='AI Code Review Platform', VERSION='1.0.0', API_V1_STR='/api/v1', ENVIRONMENT='development', JWT_SECRET='aaaaaaaaaaaaaaaaaaaaaaaaaaaaaaaa', JWT_ALGORITHM='HS256', JWT_EXPIRATION_HOURS=24, POSTGRES_HOST='localhost', POSTGRES_PORT=5432, POSTGRES_DB='test', POSTGRES_USER='user', POSTGRES_PASSWORD='test_password_value_123', NEO4J_URI='bolt://localhost:7687', NEO4J_USER='neo4j', NEO4J_PASSWORD='test_password_value_123', NEO4J_DATABASE='neo4j', REDIS_HOST='localhost', REDIS_PORT=6379, REDIS_PASSWORD='c3d4e5f6g7h8i9j0k1l2m3n4o5p6q7r8', REDIS_DB=0, GITHUB_TOKEN='', GITHUB_WEBHOOK_SECRET='', OPENAI_API_KEY='', ANTHROPIC_API_KEY='', OLLAMA_BASE_URL=None, MODELS_DIR='models', LLM_ENABLED=True, LLM_GPU_LAYERS=35, LLM_THREADS=8, LLM_CONTEXT_SIZE=4096, ALLOWED_ORIGINS=['http://localhost:3000', 'http://localhost:8000', 'http://frontend:3000', 'http://127.0.0.1:3000', 'http://127.0.0.1:8000'], RATE_LIMIT_PER_MINUTE=60, BCRYPT_ROUNDS=12, LOG_LEVEL='INFO', DEBUG=True, CELERY_BROKER_URL='redis://:c3d4e5f6g7h8i9j0k1l2m3n4o5p6q7r8@redis:6379/1', CELERY_RESULT_BACKEND='redis://:c3d4e5f6g7h8i9j0k1l2m3n4o5p6q7r8@redis:6379/2').CELERY_BROKER_URL
E             
E             + redis://:c3d4e5f6g7h8i9j0k1l2m3n4o5p6q7r8@redis:6379/1)

backend\tests\test_config.py:201: AssertionError
_ TestSettingsOptionalFields.test_optional_redis_password_defaults_to_empty_string _

self = <test_config.TestSettingsOptionalFields object at 0x0000016553D1F490>

    def test_optional_redis_password_defaults_to_empty_string(self):
        """Test that REDIS_PASSWORD defaults to empty string when not provided"""
        with patch.dict(os.environ, {
            "JWT_SECRET": "a" * 32,
            "POSTGRES_HOST": "localhost",
            "POSTGRES_DB": "test",
            "POSTGRES_USER": "user",
            "POSTGRES_PASSWORD": TEST_PASSWORD,
            "NEO4J_URI": "bolt://localhost:7687",
            "NEO4J_USER": "neo4j",
            "NEO4J_PASSWORD": TEST_PASSWORD,
            "REDIS_HOST": "localhost",
        }, clear=True):
            settings = Settings()
>           assert settings.REDIS_PASSWORD == ""
E           AssertionError: assert 'c3d4e5f6g7h8...2m3n4o5p6q7r8' == ''
E             
E             + c3d4e5f6g7h8i9j0k1l2m3n4o5p6q7r8

backend\tests\test_config.py:217: AssertionError
_ TestSettingsCeleryValidation.test_is_celery_enabled_returns_false_when_not_configured _

self = <test_config.TestSettingsCeleryValidation object at 0x0000016553DDA7B0>

    def test_is_celery_enabled_returns_false_when_not_configured(self):
        """Test that is_celery_enabled returns False when URLs not set"""
        with patch.dict(os.environ, {
            "JWT_SECRET": "a" * 32,
            "POSTGRES_HOST": "localhost",
            "POSTGRES_DB": "test",
            "POSTGRES_USER": "user",
            "POSTGRES_PASSWORD": TEST_PASSWORD,
            "NEO4J_URI": "bolt://localhost:7687",
            "NEO4J_USER": "neo4j",
            "NEO4J_PASSWORD": TEST_PASSWORD,
            "REDIS_HOST": "localhost",
        }, clear=True):
            settings = Settings()
>           assert settings.is_celery_enabled() is False
E           AssertionError: assert True is False
E            +  where True = is_celery_enabled()
E            +    where is_celery_enabled = Settings(PROJECT_NAME='AI Code Review Platform', VERSION='1.0.0', API_V1_STR='/api/v1', ENVIRONMENT='development', JWT_SECRET='aaaaaaaaaaaaaaaaaaaaaaaaaaaaaaaa', JWT_ALGORITHM='HS256', JWT_EXPIRATION_HOURS=24, POSTGRES_HOST='localhost', POSTGRES_PORT=5432, POSTGRES_DB='test', POSTGRES_USER='user', POSTGRES_PASSWORD='test_password_value_123', NEO4J_URI='bolt://localhost:7687', NEO4J_USER='neo4j', NEO4J_PASSWORD='test_password_value_123', NEO4J_DATABASE='neo4j', REDIS_HOST='localhost', REDIS_PORT=6379, REDIS_PASSWORD='c3d4e5f6g7h8i9j0k1l2m3n4o5p6q7r8', REDIS_DB=0, GITHUB_TOKEN='', GITHUB_WEBHOOK_SECRET='', OPENAI_API_KEY='', ANTHROPIC_API_KEY='', OLLAMA_BASE_URL=None, MODELS_DIR='models', LLM_ENABLED=True, LLM_GPU_LAYERS=35, LLM_THREADS=8, LLM_CONTEXT_SIZE=4096, ALLOWED_ORIGINS=['http://localhost:3000', 'http://localhost:8000', 'http://frontend:3000', 'http://127.0.0.1:3000', 'http://127.0.0.1:8000'], RATE_LIMIT_PER_MINUTE=60, BCRYPT_ROUNDS=12, LOG_LEVEL='INFO', DEBUG=True, CELERY_BROKER_URL='redis://:c3d4e5f6g7h8i9j0k1l2m3n4o5p6q7r8@redis:6379/1', CELERY_RESULT_BACKEND='redis://:c3d4e5f6g7h8i9j0k1l2m3n4o5p6q7r8@redis:6379/2').is_celery_enabled

backend\tests\test_config.py:481: AssertionError
============================== warnings summary ===============================
..\..\DT\anaconda\Lib\site-packages\pydantic\_internal\_model_construction.py:66
  D:\DT\anaconda\Lib\site-packages\pydantic\_internal\_model_construction.py:66: UserWarning: `validate_celery_config` overrides an existing Pydantic `@model_validator` decorator
    warnings.warn(f'`{k}` overrides an existing Pydantic `{existing.decorator_info.decorator_repr}` decorator')

..\..\DT\anaconda\Lib\site-packages\pydantic\_internal\_config.py:291
..\..\DT\anaconda\Lib\site-packages\pydantic\_internal\_config.py:291
  D:\DT\anaconda\Lib\site-packages\pydantic\_internal\_config.py:291: PydanticDeprecatedSince20: Support for class-based `config` is deprecated, use ConfigDict instead. Deprecated in Pydantic V2.0 to be removed in V3.0. See Pydantic V2 Migration Guide at https://errors.pydantic.dev/2.9/migration/
    warnings.warn(DEPRECATION_MESSAGE, DeprecationWarning)

backend\app\schemas\auth.py:16
  d:\Desktop\AI-Based-Quality-Check-On-Project-Code-And-Architecture\backend\app\schemas\auth.py:16: PydanticDeprecatedSince20: Pydantic V1 style `@validator` validators are deprecated. You should migrate to Pydantic V2 style `@field_validator` validators, see the migration guide for more details. Deprecated in Pydantic V2.0 to be removed in V3.0. See Pydantic V2 Migration Guide at https://errors.pydantic.dev/2.9/migration/
    @validator('password')

backend\app\schemas\auth.py:47
  d:\Desktop\AI-Based-Quality-Check-On-Project-Code-And-Architecture\backend\app\schemas\auth.py:47: PydanticDeprecatedSince20: Pydantic V1 style `@validator` validators are deprecated. You should migrate to Pydantic V2 style `@field_validator` validators, see the migration guide for more details. Deprecated in Pydantic V2.0 to be removed in V3.0. See Pydantic V2 Migration Guide at https://errors.pydantic.dev/2.9/migration/
    @validator('new_password')

..\..\DT\anaconda\Lib\site-packages\pydantic\_internal\_fields.py:132
  D:\DT\anaconda\Lib\site-packages\pydantic\_internal\_fields.py:132: UserWarning: Field "model_type" in GenerateRequest has conflict with protected namespace "model_".
  
  You may be able to resolve this warning by setting `model_config['protected_namespaces'] = ()`.
    warnings.warn(

-- Docs: https://docs.pytest.org/en/stable/how-to/capture-warnings.html
=========================== short test summary info ===========================
FAILED backend\tests\test_auth_endpoints.py::TestPasswordValidationMessages::test_all_special_characters_recognized
FAILED backend\tests\test_error_reporter.py::TestFormatConfigurationSummary::test_format_configuration_summary_masks_sensitive_keys
FAILED backend\tests\test_config.py::TestSettingsRequiredFields::test_missing_jwt_secret_raises_error
FAILED backend\tests\test_config.py::TestSettingsRequiredFields::test_missing_postgres_password_raises_error
FAILED backend\tests\test_config.py::TestSettingsRequiredFields::test_missing_neo4j_password_raises_error
FAILED backend\tests\test_config.py::TestSettingsOptionalFields::test_optional_celery_broker_url_defaults_to_none_or_empty
FAILED backend\tests\test_config.py::TestSettingsOptionalFields::test_optional_redis_password_defaults_to_empty_string
FAILED backend\tests\test_config.py::TestSettingsCeleryValidation::test_is_celery_enabled_returns_false_when_not_configured
================ 8 failed, 131 deselected, 6 warnings in 2.12s ================
